# name: test_reconcile
  '
  {"shiftSeconds": -21.083333333333332, "id": "0761a05a-0cb9-42c5-8c65-b2276b35e896"}
  {"shiftSeconds": -21.083333333333332, "id": "118ce2e1-cff6-4ff8-aa9c-84bef5148867"}
  {"shiftSeconds": -21.083333333333332, "id": "900a31b4-24e7-45e5-9cc9-e688910aab04"}
  {"shiftSeconds": -21.083333333333332, "id": "94158bf7-0d97-4687-9a24-74eb2cc70a4c"}
  {"shiftSeconds": -21.083333333333332, "id": "96ce1831-4b94-4681-ae8b-54c516169be2"}
  {"shiftSeconds": -21.083333333333332, "id": "9d0b3bd3-ea35-49a5-be1c-5d6b67c5615a"}
  {"shiftSeconds": -21.083333333333332, "id": "a9c9b726-3a92-4e6e-98bf-f2158a4619de"}
  {"shiftSeconds": -21.083333333333332, "id": "dca1dff2-b589-41ef-bd72-d159ecadd682"}
  {"shiftSeconds": -21.083333333333332, "id": "f8cf1e6e-6d91-4087-96c6-9d9f59a7bc88"}
  {"shiftSeconds": -21.083333333333332, "id": "f9f1e13f-c44c-4e37-95ef-72ba1e9f187b"}
  {"shiftSeconds": -13.866666666666667, "id": "04a5e64c-d06c-4c89-87d1-3ca78a9dea25"}
  {"shiftSeconds": -13.866666666666667, "id": "0dd2016b-4c9a-46f6-bafd-d44ea5f266bc"}
  {"shiftSeconds": -13.866666666666667, "id": "152f281d-4036-49e5-9dc0-7ab59ded5d97"}
  {"shiftSeconds": -13.866666666666667, "id": "1ecd7074-14fa-44e0-8e0e-5fd86b2000bc"}
  {"shiftSeconds": -13.866666666666667, "id": "1f830aa7-537b-45ef-a87e-bc6e790906ee"}
  {"shiftSeconds": -13.866666666666667, "id": "24ace872-df97-43e2-8a52-54f4253b902e"}
  {"shiftSeconds": -13.866666666666667, "id": "27782822-8b85-4b2e-8de8-c0a40643df39"}
  {"shiftSeconds": -13.866666666666667, "id": "2999985d-b87c-4508-b874-138f8b3ca606"}
  {"shiftSeconds": -13.866666666666667, "id": "30f3f2b1-90ab-4aa9-ad52-f2ff7eb2cad6"}
  {"shiftSeconds": -13.866666666666667, "id": "3b4e7d98-8c9f-409e-bf35-6844aa30fa61"}
  {"shiftSeconds": -13.866666666666667, "id": "4407f358-c472-4621-ab7f-b26b88a0357a"}
  {"shiftSeconds": -13.866666666666667, "id": "467310aa-20fc-4d1c-a8fa-2787f0f7490b"}
  {"shiftSeconds": -13.866666666666667, "id": "4c9957d4-1bd7-4814-8ede-b1ced2591706"}
  {"shiftSeconds": -13.866666666666667, "id": "55a09e37-df0d-4cab-9506-0661f71dfcca"}
  {"shiftSeconds": -13.866666666666667, "id": "622a995e-75bd-4134-9ae6-0b7770cee90f"}
  {"shiftSeconds": -13.866666666666667, "id": "8401d21f-99b6-454e-b2d9-dc163e806e3c"}
  {"shiftSeconds": -13.866666666666667, "id": "9c49ac37-0633-436a-aab2-dba60d7340e4"}
  {"shiftSeconds": -13.866666666666667, "id": "ad7ab9e7-e4d1-41a3-875b-dbf035719ac6"}
  {"shiftSeconds": -13.866666666666667, "id": "af20959b-934c-4c0e-a129-9d02b7f46cba"}
  {"shiftSeconds": -13.866666666666667, "id": "af5564b8-d532-4aa6-b7d6-2cc18641c74c"}
  {"shiftSeconds": -13.866666666666667, "id": "c1a32cd5-401f-43a4-ba79-98d604f1330d"}
  {"shiftSeconds": -13.866666666666667, "id": "c6e37a50-faad-4a2e-aa51-d847e86ecdc5"}
  {"shiftSeconds": -13.866666666666667, "id": "d2b9fb22-709c-40a7-a2cf-52e68c522776"}
  {"shiftSeconds": -13.866666666666667, "id": "d64942cb-7228-4de5-89e3-1a26edccd1b4"}
  {"shiftSeconds": -13.866666666666667, "id": "e8867838-7e18-4dd6-afbf-081feaee68d8"}
  {"shiftSeconds": -13.866666666666667, "id": "ee5d65f5-527d-43f1-b51d-665604167d9d"}
  {"shiftSeconds": -13.866666666666667, "id": "f21a2863-5e57-48d4-85a9-a542a957c512"}
  {"shiftSeconds": -13.866666666666667, "id": "fd92e6c1-b082-4f29-8110-683621368602"}
  '
---
# name: test_subtitles
  '
  1
  00:00:00,000 --> 00:00:01,193
  snip foreign
  
  2
  00:00:02,058 --> 00:00:03,469
  word index
  
  3
  00:00:03,978 --> 00:00:04,895
  numb one
  
  4
  00:00:05,179 --> 00:00:06,282
  spam
  
  5
  00:00:06,947 --> 00:00:08,215
  word numb
  
  6
  00:00:08,747 --> 00:00:09,662
  numb one
  
  7
  00:00:10,277 --> 00:00:11,819
  chuck fourth car
  
  8
  00:00:12,379 --> 00:00:13,541
  next
  
  9
  00:00:15,347 --> 00:00:16,789
  funk enumerate
  
  10
  00:00:18,317 --> 00:00:19,637
  bring made
  
  11
  00:00:20,958 --> 00:00:21,933
  next
  
  12
  00:00:24,019 --> 00:00:25,243
  snip foreign
  
  13
  00:00:26,747 --> 00:00:28,499
  bring plex past one
  
  14
  00:00:31,849 --> 00:00:34,711
  clear four cancel cancel
  
  15
  00:00:35,867 --> 00:00:38,241
  clear last car drum and urge
  
  16
  00:00:40,187 --> 00:00:41,348
  numb two
  
  17
  00:00:42,259 --> 00:00:43,579
  pre stack
  
  18
  00:00:46,579 --> 00:00:48,119
  bring call air
  
  19
  00:00:49,339 --> 00:00:50,321
  tug
  
  20
  00:00:50,659 --> 00:00:51,786
  square
  
  21
  00:00:52,907 --> 00:00:53,856
  bring plex
  
  22
  00:00:55,099 --> 00:00:56,231
  make plus
  
  23
  00:00:57,078 --> 00:00:58,209
  numb one
  
  24
  00:00:58,998 --> 00:00:59,912
  stack
  
  25
  00:01:05,420 --> 00:01:06,769
  scrape
  
  26
  00:01:07,460 --> 00:01:08,219
  south
  
  27
  00:01:17,028 --> 00:01:18,283
  snip if
  
  28
  00:01:24,439 --> 00:01:25,447
  bring urge
  
  29
  00:01:26,731 --> 00:01:27,966
  make plus
  
  30
  00:01:28,833 --> 00:01:30,058
  bring two
  
  31
  00:01:31,353 --> 00:01:32,422
  is equal
  
  32
  00:01:34,862 --> 00:01:36,054
  bring gust
  
  33
  00:01:37,862 --> 00:01:38,746
  next
  
  34
  00:01:39,212 --> 00:01:40,472
  make return
  
  35
  00:01:40,804 --> 00:01:42,057
  square
  
  36
  00:01:43,532 --> 00:01:44,666
  bring each
  
  37
  00:01:45,513 --> 00:01:46,645
  spam
  
  38
  00:01:47,583 --> 00:01:48,807
  bring plex
  
  '
---
# name: test_subtitles_command_end
  '
  1
  00:00:00,000 --> 00:00:01,801
  snip foreign
  
  2
  00:00:02,058 --> 00:00:03,566
  word index
  
  3
  00:00:03,978 --> 00:00:04,952
  numb one
  
  4
  00:00:05,179 --> 00:00:06,359
  spam
  
  5
  00:00:06,947 --> 00:00:08,320
  word numb
  
  6
  00:00:08,747 --> 00:00:09,714
  numb one
  
  7
  00:00:10,277 --> 00:00:12,167
  chuck fourth car
  
  8
  00:00:12,379 --> 00:00:13,645
  next
  
  9
  00:00:15,347 --> 00:00:17,020
  funk enumerate
  
  10
  00:00:18,317 --> 00:00:20,498
  bring made
  
  11
  00:00:20,958 --> 00:00:22,021
  next
  
  12
  00:00:24,019 --> 00:00:25,850
  snip foreign
  
  13
  00:00:26,747 --> 00:00:29,367
  bring plex past one
  
  14
  00:00:31,849 --> 00:00:34,776
  clear four cancel cancel
  
  15
  00:00:35,867 --> 00:00:38,873
  clear last car drum and urge
  
  16
  00:00:40,187 --> 00:00:41,402
  numb two
  
  17
  00:00:42,259 --> 00:00:43,942
  pre stack
  
  18
  00:00:46,579 --> 00:00:48,996
  bring call air
  
  19
  00:00:49,339 --> 00:00:50,375
  tug
  
  20
  00:00:50,659 --> 00:00:51,871
  square
  
  21
  00:00:52,907 --> 00:00:54,717
  bring plex
  
  22
  00:00:55,099 --> 00:00:56,304
  make plus
  
  23
  00:00:57,078 --> 00:00:58,268
  numb one
  
  24
  00:00:58,998 --> 00:00:59,974
  stack
  
  25
  00:01:05,420 --> 00:01:06,820
  scrape
  
  26
  00:01:07,460 --> 00:01:08,280
  south
  
  27
  00:01:17,028 --> 00:01:18,902
  snip if
  
  28
  00:01:24,439 --> 00:01:26,321
  bring urge
  
  29
  00:01:26,731 --> 00:01:28,066
  make plus
  
  30
  00:01:28,833 --> 00:01:30,920
  bring two
  
  31
  00:01:31,353 --> 00:01:32,518
  is equal
  
  32
  00:01:34,862 --> 00:01:36,925
  bring gust
  
  33
  00:01:37,862 --> 00:01:38,833
  next
  
  34
  00:01:39,212 --> 00:01:40,604
  make return
  
  35
  00:01:40,804 --> 00:01:42,147
  square
  
  36
  00:01:43,532 --> 00:01:45,513
  bring each
  
  37
  00:01:45,513 --> 00:01:46,717
  spam
  
  38
  00:01:47,583 --> 00:01:49,674
  bring plex
  
  '
---
# name: test_subtitles_end_offset
  '
  1
  00:00:00,000 --> 00:00:02,058
  snip foreign
  
  2
  00:00:02,058 --> 00:00:03,978
  word index
  
  3
  00:00:03,978 --> 00:00:05,179
  numb one
  
  4
  00:00:05,179 --> 00:00:06,947
  spam
  
  5
  00:00:06,947 --> 00:00:08,747
  word numb
  
  6
  00:00:08,747 --> 00:00:10,277
  numb one
  
  7
  00:00:10,277 --> 00:00:12,379
  chuck fourth car
  
  8
  00:00:12,379 --> 00:00:14,541
  next
  
  9
  00:00:15,347 --> 00:00:17,789
  funk enumerate
  
  10
  00:00:18,317 --> 00:00:20,637
  bring made
  
  11
  00:00:20,958 --> 00:00:22,933
  next
  
  12
  00:00:24,019 --> 00:00:26,243
  snip foreign
  
  13
  00:00:26,747 --> 00:00:29,499
  bring plex past one
  
  14
  00:00:31,849 --> 00:00:35,711
  clear four cancel cancel
  
  15
  00:00:35,867 --> 00:00:39,241
  clear last car drum and urge
  
  16
  00:00:40,187 --> 00:00:42,259
  numb two
  
  17
  00:00:42,259 --> 00:00:44,579
  pre stack
  
  18
  00:00:46,579 --> 00:00:49,119
  bring call air
  
  19
  00:00:49,339 --> 00:00:50,659
  tug
  
  20
  00:00:50,659 --> 00:00:52,786
  square
  
  21
  00:00:52,907 --> 00:00:54,856
  bring plex
  
  22
  00:00:55,099 --> 00:00:57,078
  make plus
  
  23
  00:00:57,078 --> 00:00:58,998
  numb one
  
  24
  00:00:58,998 --> 00:01:00,912
  stack
  
  25
  00:01:05,420 --> 00:01:07,460
  scrape
  
  26
  00:01:07,460 --> 00:01:09,219
  south
  
  27
  00:01:17,028 --> 00:01:19,283
  snip if
  
  28
  00:01:24,439 --> 00:01:26,447
  bring urge
  
  29
  00:01:26,731 --> 00:01:28,833
  make plus
  
  30
  00:01:28,833 --> 00:01:31,058
  bring two
  
  31
  00:01:31,353 --> 00:01:33,422
  is equal
  
  32
  00:01:34,862 --> 00:01:37,054
  bring gust
  
  33
  00:01:37,862 --> 00:01:39,212
  next
  
  34
  00:01:39,212 --> 00:01:40,804
  make return
  
  35
  00:01:40,804 --> 00:01:43,057
  square
  
  36
  00:01:43,532 --> 00:01:45,513
  bring each
  
  37
  00:01:45,513 --> 00:01:47,583
  spam
  
  38
  00:01:47,583 --> 00:01:48,807
  bring plex
  
  '
---
# name: test_transcript
  <class 'list'> [
    <class 'dict'> {
      'commands': <class 'list'> [
        <class 'dict'> {
          'grammar': '{user.cursorless_insert_snippet_action} <user.cursorless_insertion_snippet>',
          'isCursorlessCommand': True,
          'phrase': 'snip foreign',
          'rule': '{user.cursorless_insert_snippet_action} <user.cursorless_insertion_snippet>:',
          'ruleUri': 'https://github.com/cursorless-dev/cursorless-talon/blob/eb5e57c49b8f854f13ca1671b67d80a91c832c2f/src/cursorless-snippets.talon#L5',
        },
      ],
      'endTimecode': '0:00:01',
      'id': 'ee5d65f5-527d-43f1-b51d-665604167d9d',
      'phrase': 'snip foreign',
      'startTimecode': '0:00:00',
    },
    <class 'dict'> {
      'commands': <class 'list'> [
        <class 'dict'> {
          'grammar': 'word <user.word>',
          'isCursorlessCommand': False,
          'phrase': 'word index',
          'rule': 'word <user.word>: user.insert_formatted(user.word, "NOOP")',
          'ruleUri': 'https://github.com/pokey/pokey_talon/blob/db25604627147533d3f92871e39bda558bb2f22a/misc/formatters.talon#L24',
        },
      ],
      'endTimecode': '0:00:03',
      'id': '9c49ac37-0633-436a-aab2-dba60d7340e4',
      'phrase': 'word index',
      'startTimecode': '0:00:02',
    },
    <class 'dict'> {
      'commands': <class 'list'> [
        <class 'dict'> {
          'grammar': 'numb <user.number_string>',
          'isCursorlessCommand': False,
          'phrase': 'numb one',
          'rule': 'numb <user.number_string>: "{number_string}"',
          'ruleUri': 'https://github.com/pokey/pokey_talon/blob/db25604627147533d3f92871e39bda558bb2f22a/text/numbers.talon#L3',
        },
      ],
      'endTimecode': '0:00:05',
      'id': '467310aa-20fc-4d1c-a8fa-2787f0f7490b',
      'phrase': 'numb one',
      'startTimecode': '0:00:04',
    },
    <class 'dict'> {
      'commands': <class 'list'> [
        <class 'dict'> {
          'grammar': 'spam',
          'isCursorlessCommand': False,
          'phrase': 'spam',
          'rule': 'spam: ", "',
          'ruleUri': 'https://github.com/pokey/pokey_talon/blob/db25604627147533d3f92871e39bda558bb2f22a/text/symbols.talon#L11',
        },
      ],
      'endTimecode': '0:00:06',
      'id': 'e8867838-7e18-4dd6-afbf-081feaee68d8',
      'phrase': 'spam',
      'startTimecode': '0:00:05',
    },
    <class 'dict'> {
      'commands': <class 'list'> [
        <class 'dict'> {
          'grammar': 'word <user.word>',
          'isCursorlessCommand': False,
          'phrase': 'word numb',
          'rule': 'word <user.word>: user.insert_formatted(user.word, "NOOP")',
          'ruleUri': 'https://github.com/pokey/pokey_talon/blob/db25604627147533d3f92871e39bda558bb2f22a/misc/formatters.talon#L24',
        },
      ],
      'endTimecode': '0:00:08',
      'id': 'd2b9fb22-709c-40a7-a2cf-52e68c522776',
      'phrase': 'word numb',
      'startTimecode': '0:00:07',
    },
    <class 'dict'> {
      'commands': <class 'list'> [
        <class 'dict'> {
          'grammar': 'numb <user.number_string>',
          'isCursorlessCommand': False,
          'phrase': 'numb one',
          'rule': 'numb <user.number_string>: "{number_string}"',
          'ruleUri': 'https://github.com/pokey/pokey_talon/blob/db25604627147533d3f92871e39bda558bb2f22a/text/numbers.talon#L3',
        },
      ],
      'endTimecode': '0:00:10',
      'id': '1f830aa7-537b-45ef-a87e-bc6e790906ee',
      'phrase': 'numb one',
      'startTimecode': '0:00:09',
    },
    <class 'dict'> {
      'commands': <class 'list'> [
        <class 'dict'> {
          'grammar': '<user.cursorless_action_or_vscode_command> <user.cursorless_target>',
          'isCursorlessCommand': True,
          'phrase': 'chuck fourth car',
          'rule': '<user.cursorless_action_or_vscode_command> <user.cursorless_target>:',
          'ruleUri': 'https://github.com/cursorless-dev/cursorless-talon/blob/eb5e57c49b8f854f13ca1671b67d80a91c832c2f/src/cursorless.talon#L4',
        },
      ],
      'endTimecode': '0:00:12',
      'id': 'af20959b-934c-4c0e-a129-9d02b7f46cba',
      'phrase': 'chuck fourth car',
      'startTimecode': '0:00:10',
    },
    <class 'dict'> {
      'commands': <class 'list'> [
        <class 'dict'> {
          'grammar': 'next',
          'isCursorlessCommand': False,
          'phrase': 'next',
          'rule': 'next: user.vscode("jumpToNextSnippetPlaceholder")',
          'ruleUri': 'https://github.com/pokey/pokey_talon/blob/db25604627147533d3f92871e39bda558bb2f22a/apps/vscode/vscode.talon#L456',
        },
      ],
      'endTimecode': '0:00:14',
      'id': 'c1a32cd5-401f-43a4-ba79-98d604f1330d',
      'phrase': 'next',
      'startTimecode': '0:00:12',
    },
    <class 'dict'> {
      'commands': <class 'list'> [
        <class 'dict'> {
          'grammar': 'funk <user.code_functions>',
          'isCursorlessCommand': False,
          'phrase': 'funk enumerate',
          'rule': 'funk <user.code_functions>:',
          'ruleUri': 'https://github.com/pokey/pokey_talon/blob/db25604627147533d3f92871e39bda558bb2f22a/lang/programming.talon#L37',
        },
      ],
      'endTimecode': '0:00:17',
      'id': '30f3f2b1-90ab-4aa9-ad52-f2ff7eb2cad6',
      'phrase': 'funk enumerate',
      'startTimecode': '0:00:15',
    },
    <class 'dict'> {
      'commands': <class 'list'> [
        <class 'dict'> {
          'grammar': '{user.cursorless_move_bring_action} <user.cursorless_move_bring_targets>',
          'isCursorlessCommand': True,
          'phrase': 'bring made',
          'rule': '{user.cursorless_move_bring_action} <user.cursorless_move_bring_targets>:',
          'ruleUri': 'https://github.com/cursorless-dev/cursorless-talon/blob/eb5e57c49b8f854f13ca1671b67d80a91c832c2f/src/cursorless.talon#L13',
        },
      ],
      'endTimecode': '0:00:20',
      'id': '55a09e37-df0d-4cab-9506-0661f71dfcca',
      'phrase': 'bring made',
      'startTimecode': '0:00:18',
    },
    <class 'dict'> {
      'commands': <class 'list'> [
        <class 'dict'> {
          'grammar': 'next',
          'isCursorlessCommand': False,
          'phrase': 'next',
          'rule': 'next: user.vscode("jumpToNextSnippetPlaceholder")',
          'ruleUri': 'https://github.com/pokey/pokey_talon/blob/db25604627147533d3f92871e39bda558bb2f22a/apps/vscode/vscode.talon#L456',
        },
      ],
      'endTimecode': '0:00:22',
      'id': 'd64942cb-7228-4de5-89e3-1a26edccd1b4',
      'phrase': 'next',
      'startTimecode': '0:00:21',
    },
    <class 'dict'> {
      'commands': <class 'list'> [
        <class 'dict'> {
          'grammar': '{user.cursorless_insert_snippet_action} <user.cursorless_insertion_snippet>',
          'isCursorlessCommand': True,
          'phrase': 'snip foreign',
          'rule': '{user.cursorless_insert_snippet_action} <user.cursorless_insertion_snippet>:',
          'ruleUri': 'https://github.com/cursorless-dev/cursorless-talon/blob/eb5e57c49b8f854f13ca1671b67d80a91c832c2f/src/cursorless-snippets.talon#L5',
        },
      ],
      'endTimecode': '0:00:25',
      'id': '2999985d-b87c-4508-b874-138f8b3ca606',
      'phrase': 'snip foreign',
      'startTimecode': '0:00:24',
    },
    <class 'dict'> {
      'commands': <class 'list'> [
        <class 'dict'> {
          'grammar': '{user.cursorless_move_bring_action} <user.cursorless_move_bring_targets>',
          'isCursorlessCommand': True,
          'phrase': 'bring plex past one',
          'rule': '{user.cursorless_move_bring_action} <user.cursorless_move_bring_targets>:',
          'ruleUri': 'https://github.com/cursorless-dev/cursorless-talon/blob/eb5e57c49b8f854f13ca1671b67d80a91c832c2f/src/cursorless.talon#L13',
        },
      ],
      'endTimecode': '0:00:28',
      'id': 'c6e37a50-faad-4a2e-aa51-d847e86ecdc5',
      'phrase': 'bring plex past one',
      'startTimecode': '0:00:27',
    },
    <class 'dict'> {
      'commands': <class 'list'> [
        <class 'dict'> {
          'grammar': '<user.cursorless_action_or_vscode_command> <user.cursorless_target>',
          'isCursorlessCommand': True,
          'phrase': 'clear four',
          'rule': '<user.cursorless_action_or_vscode_command> <user.cursorless_target>:',
          'ruleUri': 'https://github.com/cursorless-dev/cursorless-talon/blob/eb5e57c49b8f854f13ca1671b67d80a91c832c2f/src/cursorless.talon#L4',
        },
        <class 'dict'> {
          'grammar': 'cancel cancel',
          'isCursorlessCommand': False,
          'phrase': 'cancel cancel',
          'rule': 'cancel cancel$: skip()',
          'ruleUri': 'https://github.com/pokey/pokey_talon/blob/db25604627147533d3f92871e39bda558bb2f22a/misc/cancel.talon#L2',
        },
      ],
      'endTimecode': '0:00:35',
      'id': '04a5e64c-d06c-4c89-87d1-3ca78a9dea25',
      'phrase': 'clear four cancel cancel',
      'startTimecode': '0:00:32',
    },
    <class 'dict'> {
      'commands': <class 'list'> [
        <class 'dict'> {
          'grammar': '<user.cursorless_action_or_vscode_command> <user.cursorless_target>',
          'isCursorlessCommand': True,
          'phrase': 'clear last car drum and urge',
          'rule': '<user.cursorless_action_or_vscode_command> <user.cursorless_target>:',
          'ruleUri': 'https://github.com/cursorless-dev/cursorless-talon/blob/eb5e57c49b8f854f13ca1671b67d80a91c832c2f/src/cursorless.talon#L4',
        },
      ],
      'endTimecode': '0:00:38',
      'id': '622a995e-75bd-4134-9ae6-0b7770cee90f',
      'phrase': 'clear last car drum and urge',
      'startTimecode': '0:00:36',
    },
    <class 'dict'> {
      'commands': <class 'list'> [
        <class 'dict'> {
          'grammar': 'numb <user.number_string>',
          'isCursorlessCommand': False,
          'phrase': 'numb two',
          'rule': 'numb <user.number_string>: "{number_string}"',
          'ruleUri': 'https://github.com/pokey/pokey_talon/blob/db25604627147533d3f92871e39bda558bb2f22a/text/numbers.talon#L3',
        },
      ],
      'endTimecode': '0:00:41',
      'id': 'af5564b8-d532-4aa6-b7d6-2cc18641c74c',
      'phrase': 'numb two',
      'startTimecode': '0:00:40',
    },
    <class 'dict'> {
      'commands': <class 'list'> [
        <class 'dict'> {
          'grammar': '<user.cursorless_action_or_vscode_command> <user.cursorless_target>',
          'isCursorlessCommand': True,
          'phrase': 'pre stack',
          'rule': '<user.cursorless_action_or_vscode_command> <user.cursorless_target>:',
          'ruleUri': 'https://github.com/cursorless-dev/cursorless-talon/blob/eb5e57c49b8f854f13ca1671b67d80a91c832c2f/src/cursorless.talon#L4',
        },
      ],
      'endTimecode': '0:00:44',
      'id': '0dd2016b-4c9a-46f6-bafd-d44ea5f266bc',
      'phrase': 'pre stack',
      'startTimecode': '0:00:42',
    },
    <class 'dict'> {
      'commands': <class 'list'> [
        <class 'dict'> {
          'grammar': '{user.cursorless_move_bring_action} <user.cursorless_move_bring_targets>',
          'isCursorlessCommand': True,
          'phrase': 'bring call air',
          'rule': '{user.cursorless_move_bring_action} <user.cursorless_move_bring_targets>:',
          'ruleUri': 'https://github.com/cursorless-dev/cursorless-talon/blob/eb5e57c49b8f854f13ca1671b67d80a91c832c2f/src/cursorless.talon#L13',
        },
      ],
      'endTimecode': '0:00:48',
      'id': '8401d21f-99b6-454e-b2d9-dc163e806e3c',
      'phrase': 'bring call air',
      'startTimecode': '0:00:47',
    },
    <class 'dict'> {
      'commands': <class 'list'> [
        <class 'dict'> {
          'grammar': 'tug',
          'isCursorlessCommand': False,
          'phrase': 'tug',
          'rule': 'tug:',
          'ruleUri': 'https://github.com/pokey/pokey_talon/blob/db25604627147533d3f92871e39bda558bb2f22a/text/generic_editor.talon#L7',
        },
      ],
      'endTimecode': '0:00:50',
      'id': 'f21a2863-5e57-48d4-85a9-a542a957c512',
      'phrase': 'tug',
      'startTimecode': '0:00:49',
    },
    <class 'dict'> {
      'commands': <class 'list'> [
        <class 'dict'> {
          'grammar': 'square',
          'isCursorlessCommand': False,
          'phrase': 'square',
          'rule': 'square:',
          'ruleUri': 'https://github.com/pokey/pokey_talon/blob/db25604627147533d3f92871e39bda558bb2f22a/text/symbols.talon#L61',
        },
      ],
      'endTimecode': '0:00:52',
      'id': '3b4e7d98-8c9f-409e-bf35-6844aa30fa61',
      'phrase': 'square',
      'startTimecode': '0:00:51',
    },
    <class 'dict'> {
      'commands': <class 'list'> [
        <class 'dict'> {
          'grammar': '{user.cursorless_move_bring_action} <user.cursorless_move_bring_targets>',
          'isCursorlessCommand': True,
          'phrase': 'bring plex',
          'rule': '{user.cursorless_move_bring_action} <user.cursorless_move_bring_targets>:',
          'ruleUri': 'https://github.com/cursorless-dev/cursorless-talon/blob/eb5e57c49b8f854f13ca1671b67d80a91c832c2f/src/cursorless.talon#L13',
        },
      ],
      'endTimecode': '0:00:54',
      'id': '24ace872-df97-43e2-8a52-54f4253b902e',
      'phrase': 'bring plex',
      'startTimecode': '0:00:53',
    },
    <class 'dict'> {
      'commands': <class 'list'> [
        <class 'dict'> {
          'grammar': '<user.operator> (plus | add)',
          'isCursorlessCommand': False,
          'phrase': 'make plus',
          'rule': '<user.operator> (plus | add): user.code_operator_addition()',
          'ruleUri': 'https://github.com/pokey/pokey_talon/blob/db25604627147533d3f92871e39bda558bb2f22a/lang/operators.talon#L20',
        },
      ],
      'endTimecode': '0:00:56',
      'id': '4c9957d4-1bd7-4814-8ede-b1ced2591706',
      'phrase': 'make plus',
      'startTimecode': '0:00:55',
    },
    <class 'dict'> {
      'commands': <class 'list'> [
        <class 'dict'> {
          'grammar': 'numb <user.number_string>',
          'isCursorlessCommand': False,
          'phrase': 'numb one',
          'rule': 'numb <user.number_string>: "{number_string}"',
          'ruleUri': 'https://github.com/pokey/pokey_talon/blob/db25604627147533d3f92871e39bda558bb2f22a/text/numbers.talon#L3',
        },
      ],
      'endTimecode': '0:00:58',
      'id': '152f281d-4036-49e5-9dc0-7ab59ded5d97',
      'phrase': 'numb one',
      'startTimecode': '0:00:57',
    },
    <class 'dict'> {
      'commands': <class 'list'> [
        <class 'dict'> {
          'grammar': '<user.symbol_key>',
          'isCursorlessCommand': False,
          'phrase': 'stack',
          'rule': '<user.symbol_key>: key(symbol_key)',
          'ruleUri': 'https://github.com/pokey/pokey_talon/blob/db25604627147533d3f92871e39bda558bb2f22a/misc/keys.talon#L4',
        },
      ],
      'endTimecode': '0:01:00',
      'id': '4407f358-c472-4621-ab7f-b26b88a0357a',
      'phrase': 'stack',
      'startTimecode': '0:00:59',
    },
    <class 'dict'> {
      'commands': <class 'list'> [
        <class 'dict'> {
          'grammar': '<user.special_key>',
          'isCursorlessCommand': False,
          'phrase': 'scrape',
          'rule': '<user.special_key>: key(special_key)',
          'ruleUri': 'https://github.com/pokey/pokey_talon/blob/db25604627147533d3f92871e39bda558bb2f22a/misc/keys.talon#L6',
        },
      ],
      'endTimecode': '0:01:07',
      'id': 'fd92e6c1-b082-4f29-8110-683621368602',
      'phrase': 'scrape',
      'startTimecode': '0:01:05',
    },
    <class 'dict'> {
      'commands': <class 'list'> [
        <class 'dict'> {
          'grammar': 'south',
          'isCursorlessCommand': False,
          'phrase': 'south',
          'rule': 'south:',
          'ruleUri': 'https://github.com/pokey/pokey_talon/blob/db25604627147533d3f92871e39bda558bb2f22a/text/generic_editor.talon#L37',
        },
      ],
      'endTimecode': '0:01:08',
      'id': '27782822-8b85-4b2e-8de8-c0a40643df39',
      'phrase': 'south',
      'startTimecode': '0:01:07',
    },
    <class 'dict'> {
      'commands': <class 'list'> [
        <class 'dict'> {
          'grammar': '{user.cursorless_insert_snippet_action} <user.cursorless_insertion_snippet>',
          'isCursorlessCommand': True,
          'phrase': 'snip if',
          'rule': '{user.cursorless_insert_snippet_action} <user.cursorless_insertion_snippet>:',
          'ruleUri': 'https://github.com/cursorless-dev/cursorless-talon/blob/eb5e57c49b8f854f13ca1671b67d80a91c832c2f/src/cursorless-snippets.talon#L5',
        },
      ],
      'endTimecode': '0:01:18',
      'id': '1ecd7074-14fa-44e0-8e0e-5fd86b2000bc',
      'phrase': 'snip if',
      'startTimecode': '0:01:17',
    },
    <class 'dict'> {
      'commands': <class 'list'> [
        <class 'dict'> {
          'grammar': '{user.cursorless_move_bring_action} <user.cursorless_move_bring_targets>',
          'isCursorlessCommand': True,
          'phrase': 'bring urge',
          'rule': '{user.cursorless_move_bring_action} <user.cursorless_move_bring_targets>:',
          'ruleUri': 'https://github.com/cursorless-dev/cursorless-talon/blob/eb5e57c49b8f854f13ca1671b67d80a91c832c2f/src/cursorless.talon#L13',
        },
      ],
      'endTimecode': '0:01:25',
      'id': 'ad7ab9e7-e4d1-41a3-875b-dbf035719ac6',
      'phrase': 'bring urge',
      'startTimecode': '0:01:24',
    },
    <class 'dict'> {
      'commands': <class 'list'> [
        <class 'dict'> {
          'grammar': '<user.operator> (plus | add)',
          'isCursorlessCommand': False,
          'phrase': 'make plus',
          'rule': '<user.operator> (plus | add): user.code_operator_addition()',
          'ruleUri': 'https://github.com/pokey/pokey_talon/blob/db25604627147533d3f92871e39bda558bb2f22a/lang/operators.talon#L20',
        },
      ],
      'endTimecode': '0:01:28',
      'id': '94158bf7-0d97-4687-9a24-74eb2cc70a4c',
      'phrase': 'make plus',
      'startTimecode': '0:01:27',
    },
    <class 'dict'> {
      'commands': <class 'list'> [
        <class 'dict'> {
          'grammar': '{user.cursorless_move_bring_action} <user.cursorless_move_bring_targets>',
          'isCursorlessCommand': True,
          'phrase': 'bring two',
          'rule': '{user.cursorless_move_bring_action} <user.cursorless_move_bring_targets>:',
          'ruleUri': 'https://github.com/cursorless-dev/cursorless-talon/blob/eb5e57c49b8f854f13ca1671b67d80a91c832c2f/src/cursorless.talon#L13',
        },
      ],
      'endTimecode': '0:01:30',
      'id': '0761a05a-0cb9-42c5-8c65-b2276b35e896',
      'phrase': 'bring two',
      'startTimecode': '0:01:29',
    },
    <class 'dict'> {
      'commands': <class 'list'> [
        <class 'dict'> {
          'grammar': 'is equal',
          'isCursorlessCommand': False,
          'phrase': 'is equal',
          'rule': 'is equal: user.code_operator_equal()',
          'ruleUri': 'https://github.com/pokey/pokey_talon/blob/db25604627147533d3f92871e39bda558bb2f22a/lang/operators.talon#L31',
        },
      ],
      'endTimecode': '0:01:32',
      'id': '96ce1831-4b94-4681-ae8b-54c516169be2',
      'phrase': 'is equal',
      'startTimecode': '0:01:31',
    },
    <class 'dict'> {
      'commands': <class 'list'> [
        <class 'dict'> {
          'grammar': '{user.cursorless_move_bring_action} <user.cursorless_move_bring_targets>',
          'isCursorlessCommand': True,
          'phrase': 'bring gust',
          'rule': '{user.cursorless_move_bring_action} <user.cursorless_move_bring_targets>:',
          'ruleUri': 'https://github.com/cursorless-dev/cursorless-talon/blob/eb5e57c49b8f854f13ca1671b67d80a91c832c2f/src/cursorless.talon#L13',
        },
      ],
      'endTimecode': '0:01:36',
      'id': 'f9f1e13f-c44c-4e37-95ef-72ba1e9f187b',
      'phrase': 'bring gust',
      'startTimecode': '0:01:35',
    },
    <class 'dict'> {
      'commands': <class 'list'> [
        <class 'dict'> {
          'grammar': 'next',
          'isCursorlessCommand': False,
          'phrase': 'next',
          'rule': 'next: user.vscode("jumpToNextSnippetPlaceholder")',
          'ruleUri': 'https://github.com/pokey/pokey_talon/blob/db25604627147533d3f92871e39bda558bb2f22a/apps/vscode/vscode.talon#L456',
        },
      ],
      'endTimecode': '0:01:39',
      'id': 'a9c9b726-3a92-4e6e-98bf-f2158a4619de',
      'phrase': 'next',
      'startTimecode': '0:01:38',
    },
    <class 'dict'> {
      'commands': <class 'list'> [
        <class 'dict'> {
          'grammar': '<user.operator> ({user.code_keyword}+)',
          'isCursorlessCommand': False,
          'phrase': 'make return',
          'rule': '<user.operator> ({user.code_keyword}+): user.code_keyword(code_keyword_list)',
          'ruleUri': 'https://github.com/pokey/pokey_talon/blob/db25604627147533d3f92871e39bda558bb2f22a/lang/programming.talon#L33',
        },
      ],
      'endTimecode': '0:01:40',
      'id': 'dca1dff2-b589-41ef-bd72-d159ecadd682',
      'phrase': 'make return',
      'startTimecode': '0:01:39',
    },
    <class 'dict'> {
      'commands': <class 'list'> [
        <class 'dict'> {
          'grammar': 'square',
          'isCursorlessCommand': False,
          'phrase': 'square',
          'rule': 'square:',
          'ruleUri': 'https://github.com/pokey/pokey_talon/blob/db25604627147533d3f92871e39bda558bb2f22a/text/symbols.talon#L61',
        },
      ],
      'endTimecode': '0:01:42',
      'id': '900a31b4-24e7-45e5-9cc9-e688910aab04',
      'phrase': 'square',
      'startTimecode': '0:01:41',
    },
    <class 'dict'> {
      'commands': <class 'list'> [
        <class 'dict'> {
          'grammar': '{user.cursorless_move_bring_action} <user.cursorless_move_bring_targets>',
          'isCursorlessCommand': True,
          'phrase': 'bring each',
          'rule': '{user.cursorless_move_bring_action} <user.cursorless_move_bring_targets>:',
          'ruleUri': 'https://github.com/cursorless-dev/cursorless-talon/blob/eb5e57c49b8f854f13ca1671b67d80a91c832c2f/src/cursorless.talon#L13',
        },
      ],
      'endTimecode': '0:01:45',
      'id': 'f8cf1e6e-6d91-4087-96c6-9d9f59a7bc88',
      'phrase': 'bring each',
      'startTimecode': '0:01:44',
    },
    <class 'dict'> {
      'commands': <class 'list'> [
        <class 'dict'> {
          'grammar': 'spam',
          'isCursorlessCommand': False,
          'phrase': 'spam',
          'rule': 'spam: ", "',
          'ruleUri': 'https://github.com/pokey/pokey_talon/blob/db25604627147533d3f92871e39bda558bb2f22a/text/symbols.talon#L11',
        },
      ],
      'endTimecode': '0:01:47',
      'id': '9d0b3bd3-ea35-49a5-be1c-5d6b67c5615a',
      'phrase': 'spam',
      'startTimecode': '0:01:46',
    },
    <class 'dict'> {
      'commands': <class 'list'> [
        <class 'dict'> {
          'grammar': '{user.cursorless_move_bring_action} <user.cursorless_move_bring_targets>',
          'isCursorlessCommand': True,
          'phrase': 'bring plex',
          'rule': '{user.cursorless_move_bring_action} <user.cursorless_move_bring_targets>:',
          'ruleUri': 'https://github.com/cursorless-dev/cursorless-talon/blob/eb5e57c49b8f854f13ca1671b67d80a91c832c2f/src/cursorless.talon#L13',
        },
      ],
      'endTimecode': '0:01:49',
      'id': '118ce2e1-cff6-4ff8-aa9c-84bef5148867',
      'phrase': 'bring plex',
      'startTimecode': '0:01:48',
    },
  ]
---
